[
  {
    "pid": 90819,
    "isolate": "0x101804a00",
    "type": "nvp",
    "time_since_init": 30388,
    "data": {
      "pause": 1.5,
      "mutator": 106.6,
      "gc": "s",
      "external": 0,
      "mark": 0,
      "sweep": 0,
      "sweepns": 0,
      "sweepos": 0,
      "sweepcode": 0,
      "sweepcell": 0,
      "sweepmap": 0,
      "evacuate": 0,
      "new_new": 0,
      "root_new": 0,
      "old_new": 0,
      "compaction_ptrs": 0,
      "intracompaction_ptrs": 0,
      "misc_compaction": 0,
      "weak_closure": 0,
      "inc_weak_closure": 0,
      "weakcollection_process": 0,
      "weakcollection_clear": 0,
      "weakcollection_abort": 0,
      "total_size_before": 360401216,
      "total_size_after": 346970376,
      "holes_size_before": 111429384,
      "holes_size_after": 112050664,
      "allocated": 14874664,
      "promoted": 1435056,
      "semi_space_copied": 1441408,
      "nodes_died_in_new": 16,
      "nodes_copied_in_new": 1,
      "nodes_promoted": 0,
      "promotion_ratio": 8.8,
      "average_survival_ratio": 17.5,
      "promotion_rate": 99.6,
      "semi_space_copy_rate": 8.8,
      "new_space_allocation_throughput": 134525,
      "context_disposal_rate": 0,
      "steps_count": 29,
      "steps_took": 0.1,
      "scavenge_throughput": 9463255
    }
  },
  {
    "pid": 90819,
    "isolate": "0x101804a00",
    "type": "nvp",
    "time_since_init": 30444,
    "data": {
      "pause": 6.5,
      "mutator": 48.8,
      "gc": "ms",
      "external": 0,
      "mark": 0.6,
      "sweep": 5.23,
      "sweepns": 4.34,
      "sweepos": 0.36,
      "sweepcode": 0.15,
      "sweepcell": 0,
      "sweepmap": 0.05,
      "evacuate": 0,
      "new_new": 0,
      "root_new": 0,
      "old_new": 0.1,
      "compaction_ptrs": 0,
      "intracompaction_ptrs": 0,
      "misc_compaction": 0.2,
      "weak_closure": 0,
      "inc_weak_closure": 0,
      "weakcollection_process": 0,
      "weakcollection_clear": 0,
      "weakcollection_abort": 0,
      "total_size_before": 354597632,
      "total_size_after": 345617768,
      "holes_size_before": 112050664,
      "holes_size_after": 113357064,
      "allocated": 7627256,
      "promoted": 1402920,
      "semi_space_copied": 718712,
      "nodes_died_in_new": 8,
      "nodes_copied_in_new": 1,
      "nodes_promoted": 0,
      "promotion_ratio": 15.3,
      "average_survival_ratio": 18.1,
      "promotion_rate": 97.3,
      "semi_space_copy_rate": 7.8,
      "new_space_allocation_throughput": 135048,
      "context_disposal_rate": 0,
      "steps_count": 623,
      "steps_took": 9.9,
      "longest_step": 1,
      "incremental_marking_throughput": 19200959
    }
  }
]