[
  {
    "pid": 51548,
    "isolate": "0x102004600",
    "time_since_init": 3912,
    "data": {
      "pause": 2.4,
      "mutator": 383.5,
      "gc": "s",
      "reduce_memory": 0,
      "scavenge": 2.18,
      "old_new": 0.12,
      "weak": 0,
      "roots": 0.05,
      "code": 0,
      "semispace": 1.97,
      "object_groups": 0,
      "external_prologue": 0,
      "external_epilogue": 0,
      "external_weak_global_handles": 0.01,
      "steps_count": 0,
      "steps_took": 0,
      "scavenge_throughput": 1073741824,
      "total_size_before": 52688696,
      "total_size_after": 52177656,
      "holes_size_before": 106616,
      "holes_size_after": 152344,
      "allocated": 16910984,
      "promoted": 1642176,
      "semi_space_copied": 1855136,
      "nodes_died_in_new": 20,
      "nodes_copied_in_new": 1,
      "nodes_promoted": 0,
      "promotion_ratio": 40.2,
      "average_survival_ratio": 70.3,
      "promotion_rate": 99.6,
      "semi_space_copy_rate": 45.4,
      "new_space_allocation_throughput": 3480.1,
      "context_disposal_rate": 0
    },
    "type": "nvp"
  },
  {
    "pid": 51548,
    "isolate": "0x102004600",
    "time_since_init": 4252,
    "data": {
      "pause": 4.8,
      "mutator": 335.1,
      "gc": "ms",
      "reduce_memory": 0,
      "clear": 0,
      "clear.code_flush": 0,
      "clear.dependent_code": 0,
      "clear.global_handles": 0,
      "clear.maps": 0,
      "clear.slots_buffer": 0,
      "clear.store_buffer": 0,
      "clear.string_table": 0.1,
      "clear.weak_cells": 0,
      "clear.weak_collections": 0,
      "clear.weak_lists": 0.2,
      "evacuate": 1.9,
      "evacuate.candidates": 0,
      "evacuate.clean_up": 0,
      "evacuate.copy": 1.7,
      "evacuate.update_pointers": 0.1,
      "evacuate.update_pointers.between_evacuated": 0,
      "evacuate.update_pointers.to_evacuated": 0,
      "evacuate.update_pointers.to_new": 0.1,
      "evacuate.update_pointers.weak": 0,
      "external.mc_prologue": 0,
      "external.mc_epilogue": 0,
      "external.mc_incremental_prologue": 0,
      "external.mc_incremental_epilogue": 0,
      "external.weak_global_handles": 0,
      "finish": 0.2,
      "mark": 2.1,
      "mark.finish_incremental": 0,
      "mark.prepare_code_flush": 1.8,
      "mark.roots": 0.2,
      "mark.weak_closure": 0,
      "mark.weak_closure.ephemeral": 0,
      "mark.weak_closure.weak_handles": 0,
      "mark.weak_closure.weak_roots": 0,
      "mark.weak_closure.harmony": 0,
      "sweep": 0.2,
      "sweep.code": 0,
      "sweep.map": 0,
      "sweep.old": 0,
      "incremental_finalize": 0,
      "steps_count": 14,
      "steps_took": 7.8,
      "longest_step": 2.6,
      "finalization_steps_count": 2,
      "finalization_steps_took": 0.2,
      "finalization_longest_step": 0.2,
      "incremental_marking_throughput": 1853084,
      "total_size_before": 67962160,
      "total_size_after": 16890240,
      "holes_size_before": 966256,
      "holes_size_after": 1783632,
      "allocated": 15784504,
      "promoted": 1805184,
      "semi_space_copied": 1765280,
      "nodes_died_in_new": 19,
      "nodes_copied_in_new": 2,
      "nodes_promoted": 0,
      "promotion_ratio": 44.2,
      "average_survival_ratio": 72,
      "promotion_rate": 97.3,
      "semi_space_copy_rate": 43.2,
      "new_space_allocation_throughput": 3712.6,
      "context_disposal_rate": 0,
      "compaction_speed": 2182435
    },
    "type": "nvp"
  }
]